01\_行を特定する列を設定
===

## 概要

- 主キー，ユニークキーについてまとめる。

## 主キー

### 概要

- データを識別するための仕組み
- テーブルの各行を完全に一意に特定できる列で，`NULL`を含んでいないもの。
- ユニークキーとは異なるので注意すること。

### 主キーとユニークキーとの違い

|項目      |主キー|ユニークキー|
|:--------:|:----:|:----------:|
|重複する値|×     |×           |
|`NULL`値  |×     |○           |

### 複合主キー

- 単独の列では，行の特定ができない場合，複数の列を組み合わせて主キーにすることも可能

### サンプル


#### 事前準備(データベースの作成)

```SQL
CREATE DATABASE dekirusample2;
USE dekirusample2;
```

- 実行結果

```
MariaDB [(none)]> CREATE DATABASE dekirusample2;
Query OK, 1 row affected (0.02 sec)

MariaDB [(none)]> USE dekirusample2;
Database changed
```

#### 主キーの指定

```SQL
CREATE TABLE members(
		id INT PRIMARY KEY,
		name VARCHAR(16)
		);
```

- 実行結果

```
MariaDB [dekirusample2]> CREATE TABLE members(id INT PRIMARY KEY, name VARCHAR(16));
Query OK, 0 rows affected (0.07 sec)
```

#### 行を挿入

```SQL
INSERT INTO members VALUES(0, '小西昂輔');
```

- 実行結果

```
MariaDB [dekirusample2]> INSERT INTO members VALUES(0, '小西昂輔');
Query OK, 1 row affected (0.01 sec)
```

```SQL
INSERT INTO members VALUES(0, '太宰治');
```

- 実行結果
  - 主キー制約によりエラーになる。

```
MariaDB [dekirusample2]> INSERT INTO members VALUES(0, '太宰治');
ERROR 1062 (23000): Duplicate entry '0' for key 'PRIMARY'
```

```SQL
INSERT INTO members (name) VALUES('上司幾太');
```

- 実行結果
  - デフォルト値が0になっているため重複エラーとなるみたい

```
MariaDB [dekirusample2]> INSERT INTO members (name) VALUES('上司幾太');
ERROR 1062 (23000): Duplicate entry '0' for key 'PRIMARY'
```

```SQL
INSERT INTO members VALUES(NULL, '大庭葉蔵');
```

- 実行結果
  - 主キーに`NULL`は指定できない。

```
MariaDB [dekirusample2]> INSERT INTO members VALUES(NULL, '大庭葉蔵');
ERROR 1048 (23000): Column 'id' cannot be null
```

---

## ユニークキー

### 概要

- テーブル内で一意になる値
- 主キーと異なり，`NULL`は挿入できるので注意
  - [主キーとの違い](#主キーとユニークキーとの違い)

### サンプル

#### ユニークキーを指定

```SQL
ALTER TABLE members 
ADD COLUMN mailid VARCHAR(32) UNIQUE KEY;
```

- 実行結果

```
MariaDB [dekirusample2]> ALTER TABLE members ADD COLUMN mailid VARCHAR(32) UNIQUE KEY;
Query OK, 0 rows affected (0.19 sec)
Records: 0  Duplicates: 0  Warnings: 0
```

#### 行を挿入

```SQL
INSERT INTO members values (2, '直治', 'naoji');
```

- 実行結果

```
MariaDB [dekirusample2]> INSERT INTO members values (2, '直治', 'naoji');
Query OK, 1 row affected (0.01 sec)
```

```SQL
INSERT INTO members values (3, 'なおじ', 'naoji');
```

- 実行結果
  - ユニークキーの重複エラーとなる。

```
MariaDB [dekirusample2]> INSERT INTO members values (3, 'なおじ', 'naoji');
ERROR 1062 (23000): Duplicate entry 'naoji' for key 'mailid'
```

```SQL
INSERT INTO members values (3, 'なおじ', NULL);
```

- 実行結果
  - `NULL`値は挿入できる。

```
MariaDB [dekirusample2]> INSERT INTO members values (3, 'なおじ', NULL);
Query OK, 1 row affected (0.01 sec)
```

#### 最終結果確認

```SQL
SELECT * FROM members;
```

- 実行結果

```
MariaDB [dekirusample2]> SELECT * FROM members;
+----+----------+--------+
| id | name     | mailid |
+----+----------+--------+
|  0 | 小西昂輔 | NULL   |
|  2 | 直治     | naoji  |
|  3 | なおじ   | NULL   |
+----+----------+--------+
3 rows in set (0.02 sec)
```
